../Core/Src/main.c:237:5:main	56	static
../Core/Src/main.c:536:6:SystemClock_Config	88	static
../Core/Src/main.c:583:13:MX_ADC1_Init	24	static
../Core/Src/main.c:644:13:MX_I2C1_Init	8	static
../Core/Src/main.c:678:13:MX_TIM1_Init	80	static
../Core/Src/main.c:747:13:MX_TIM3_Init	56	static
../Core/Src/main.c:796:13:MX_TIM9_Init	24	static
../Core/Src/main.c:834:13:MX_TIM11_Init	40	static
../Core/Src/main.c:883:13:MX_USART1_UART_Init	8	static
../Core/Src/main.c:916:13:MX_USART2_UART_Init	8	static
../Core/Src/main.c:947:13:MX_DMA_Init	16	static
../Core/Src/main.c:969:13:MX_GPIO_Init	48	static
../Core/Src/main.c:1032:6:HAL_GPIO_EXTI_Callback	16	static
../Core/Src/main.c:1057:6:Homing	8	static
../Core/Src/main.c:1091:6:EndEffectorWrite	16	static
../Core/Src/main.c:1207:6:VelocityApprox	8	static
../Core/Src/main.c:1214:6:AccelerationApprox	8	static
../Core/Src/main.c:1222:6:Routine	8	static
../Core/Src/main.c:1231:7:PIDcal	4	static
../Core/Src/main.c:1265:6:JoystickPinUpdate	8	static
../Core/Src/main.c:1323:6:JoystickControl	8	static
../Core/Src/main.c:1417:6:JoystickLocationState	16	static
../Core/Src/main.c:1643:6:HAL_TIM_PeriodElapsedCallback	16	static
../Core/Src/main.c:1662:6:TrajectoryGenerator	24	static
../Core/Src/main.c:1773:6:Error_Handler	4	static,ignoring_inline_asm
