../Core/Src/main.c:223:5:main	24	static
../Core/Src/main.c:443:6:SystemClock_Config	88	static
../Core/Src/main.c:490:13:MX_ADC1_Init	24	static
../Core/Src/main.c:551:13:MX_TIM1_Init	80	static
../Core/Src/main.c:620:13:MX_TIM3_Init	56	static
../Core/Src/main.c:669:13:MX_TIM9_Init	24	static
../Core/Src/main.c:707:13:MX_TIM11_Init	40	static
../Core/Src/main.c:756:13:MX_USART1_UART_Init	8	static
../Core/Src/main.c:789:13:MX_USART2_UART_Init	8	static
../Core/Src/main.c:820:13:MX_DMA_Init	16	static
../Core/Src/main.c:842:13:MX_GPIO_Init	48	static
../Core/Src/main.c:877:6:HAL_GPIO_EXTI_Callback	16	static
../Core/Src/main.c:891:6:Homing	8	static
../Core/Src/main.c:1022:6:VelocityApprox	8	static
../Core/Src/main.c:1029:6:AccelerationApprox	4	static
../Core/Src/main.c:1037:6:Routine	8	static
../Core/Src/main.c:1046:7:PIDcal	4	static
../Core/Src/main.c:1071:6:JoystickPinUpdate	8	static
../Core/Src/main.c:1129:6:JoystickControl	8	static
../Core/Src/main.c:1223:6:JoystickLocationState	8	static
../Core/Src/main.c:1417:6:HAL_TIM_PeriodElapsedCallback	16	static
../Core/Src/main.c:1429:6:TrajectoryGenerator	24	static
../Core/Src/main.c:1529:6:Error_Handler	4	static,ignoring_inline_asm
