../Core/Src/main.c:105:5:main	48	static
../Core/Src/main.c:203:6:SystemClock_Config	88	static
../Core/Src/main.c:250:13:MX_TIM1_Init	80	static
../Core/Src/main.c:319:13:MX_TIM3_Init	56	static
../Core/Src/main.c:368:13:MX_TIM5_Init	32	static
../Core/Src/main.c:413:13:MX_USART2_UART_Init	8	static
../Core/Src/main.c:446:13:MX_GPIO_Init	48	static
../Core/Src/main.c:485:6:HAL_TIM_PeroidElapsedCallback	24	static
../Core/Src/main.c:493:10:micros	12	static
../Core/Src/main.c:498:6:QEIEncoderPositionVelocity_Update	32	static
../Core/Src/main.c:523:6:Error_Handler	4	static,ignoring_inline_asm
