../Core/Src/main.c:196:5:main	8	static
../Core/Src/main.c:327:6:SystemClock_Config	88	static
../Core/Src/main.c:374:13:MX_ADC1_Init	24	static
../Core/Src/main.c:435:13:MX_TIM1_Init	80	static
../Core/Src/main.c:504:13:MX_TIM3_Init	56	static
../Core/Src/main.c:553:13:MX_TIM5_Init	32	static
../Core/Src/main.c:598:13:MX_USART1_UART_Init	8	static
../Core/Src/main.c:631:13:MX_USART2_UART_Init	8	static
../Core/Src/main.c:662:13:MX_DMA_Init	16	static
../Core/Src/main.c:680:13:MX_GPIO_Init	48	static
../Core/Src/main.c:728:6:HAL_GPIO_EXTI_Callback	16	static
../Core/Src/main.c:737:6:Homing	4	static
../Core/Src/main.c:750:6:HAL_TIM_PeroidElapsedCallback	24	static
../Core/Src/main.c:759:10:micros	12	static
../Core/Src/main.c:765:6:QEIEncoderPositionVelocity_Update	32	static
../Core/Src/main.c:785:6:VelocityApprox	8	static
../Core/Src/main.c:792:7:PIDcal	4	static
../Core/Src/main.c:817:6:JoystickPinUpdate	8	static
../Core/Src/main.c:864:6:JoystickControl	4	static
../Core/Src/main.c:921:6:JoystickLocationState	16	static
../Core/Src/main.c:1046:6:TrajectoryGenerator	24	static
../Core/Src/main.c:1154:6:Error_Handler	4	static,ignoring_inline_asm
