../Core/Src/main.c:126:5:main	64	static
../Core/Src/main.c:256:6:SystemClock_Config	88	static
../Core/Src/main.c:303:13:MX_TIM1_Init	80	static
../Core/Src/main.c:372:13:MX_TIM3_Init	56	static
../Core/Src/main.c:421:13:MX_TIM5_Init	32	static
../Core/Src/main.c:466:13:MX_USART2_UART_Init	8	static
../Core/Src/main.c:499:13:MX_GPIO_Init	48	static
../Core/Src/main.c:550:6:HAL_TIM_PeroidElapsedCallback	24	static
../Core/Src/main.c:559:10:micros	12	static
../Core/Src/main.c:565:6:QEIEncoderPositionVelocity_Update	32	static
../Core/Src/main.c:586:6:JoystickControl	8	static
../Core/Src/main.c:599:6:JoystickLocationState	4	static
../Core/Src/main.c:686:6:Error_Handler	4	static,ignoring_inline_asm
