../Core/Src/main.c:92:5:main	16	static
../Core/Src/main.c:172:6:SystemClock_Config	88	static
../Core/Src/main.c:219:13:MX_TIM1_Init	80	static
../Core/Src/main.c:288:13:MX_TIM3_Init	56	static
../Core/Src/main.c:337:13:MX_TIM5_Init	32	static
../Core/Src/main.c:382:13:MX_USART2_UART_Init	8	static
../Core/Src/main.c:415:13:MX_GPIO_Init	48	static
../Core/Src/main.c:454:6:HAL_TIM_PeroidElapsedCallback	24	static
../Core/Src/main.c:462:10:micros	12	static
../Core/Src/main.c:467:6:QEIEncoderPositionVelocity_Update	32	static
../Core/Src/main.c:492:6:Error_Handler	4	static,ignoring_inline_asm
