../Core/Src/main.c:226:5:main	40	static
../Core/Src/main.c:455:6:SystemClock_Config	88	static
../Core/Src/main.c:502:13:MX_ADC1_Init	24	static
../Core/Src/main.c:563:13:MX_I2C1_Init	8	static
../Core/Src/main.c:597:13:MX_TIM1_Init	80	static
../Core/Src/main.c:666:13:MX_TIM3_Init	56	static
../Core/Src/main.c:715:13:MX_TIM9_Init	24	static
../Core/Src/main.c:753:13:MX_TIM11_Init	40	static
../Core/Src/main.c:802:13:MX_USART1_UART_Init	8	static
../Core/Src/main.c:835:13:MX_USART2_UART_Init	8	static
../Core/Src/main.c:866:13:MX_DMA_Init	16	static
../Core/Src/main.c:888:13:MX_GPIO_Init	48	static
../Core/Src/main.c:935:6:HAL_GPIO_EXTI_Callback	16	static
../Core/Src/main.c:949:6:Homing	8	static
../Core/Src/main.c:974:6:EndEffectorWrite	16	static
../Core/Src/main.c:1090:6:VelocityApprox	8	static
../Core/Src/main.c:1097:6:AccelerationApprox	4	static
../Core/Src/main.c:1105:6:Routine	8	static
../Core/Src/main.c:1114:7:PIDcal	4	static
../Core/Src/main.c:1139:6:JoystickPinUpdate	8	static
../Core/Src/main.c:1197:6:JoystickControl	8	static
../Core/Src/main.c:1291:6:JoystickLocationState	8	static
../Core/Src/main.c:1485:6:HAL_TIM_PeriodElapsedCallback	16	static
../Core/Src/main.c:1497:6:TrajectoryGenerator	24	static
../Core/Src/main.c:1600:6:Error_Handler	4	static,ignoring_inline_asm
