../Core/Src/main.c:215:5:main	8	static
../Core/Src/main.c:404:6:SystemClock_Config	88	static
../Core/Src/main.c:451:13:MX_ADC1_Init	24	static
../Core/Src/main.c:512:13:MX_I2C1_Init	8	static
../Core/Src/main.c:546:13:MX_TIM1_Init	80	static
../Core/Src/main.c:615:13:MX_TIM3_Init	56	static
../Core/Src/main.c:664:13:MX_TIM11_Init	40	static
../Core/Src/main.c:713:13:MX_USART1_UART_Init	8	static
../Core/Src/main.c:746:13:MX_USART2_UART_Init	8	static
../Core/Src/main.c:777:13:MX_DMA_Init	16	static
../Core/Src/main.c:799:13:MX_GPIO_Init	48	static
../Core/Src/main.c:853:6:HAL_GPIO_EXTI_Callback	16	static
../Core/Src/main.c:867:6:Homing	8	static
../Core/Src/main.c:892:6:EndEffectorWrite	16	static
../Core/Src/main.c:998:6:VelocityApprox	8	static
../Core/Src/main.c:1005:6:AccelerationApprox	4	static
../Core/Src/main.c:1012:7:PIDcal	4	static
../Core/Src/main.c:1037:6:JoystickPinUpdate	8	static
../Core/Src/main.c:1095:6:JoystickControl	8	static
../Core/Src/main.c:1189:6:JoystickLocationState	16	static
../Core/Src/main.c:1375:6:TrajectoryGenerator	24	static
../Core/Src/main.c:1475:6:Error_Handler	4	static,ignoring_inline_asm
