../Core/Src/main.c:219:5:main	8	static
../Core/Src/main.c:416:6:SystemClock_Config	88	static
../Core/Src/main.c:463:13:MX_ADC1_Init	24	static
../Core/Src/main.c:524:13:MX_I2C1_Init	8	static
../Core/Src/main.c:558:13:MX_TIM1_Init	80	static
../Core/Src/main.c:627:13:MX_TIM3_Init	56	static
../Core/Src/main.c:676:13:MX_TIM11_Init	40	static
../Core/Src/main.c:725:13:MX_USART1_UART_Init	8	static
../Core/Src/main.c:758:13:MX_USART2_UART_Init	8	static
../Core/Src/main.c:789:13:MX_DMA_Init	16	static
../Core/Src/main.c:811:13:MX_GPIO_Init	48	static
../Core/Src/main.c:865:6:HAL_GPIO_EXTI_Callback	16	static
../Core/Src/main.c:879:6:Homing	8	static
../Core/Src/main.c:904:6:EndEffectorWrite	16	static
../Core/Src/main.c:1010:6:VelocityApprox	8	static
../Core/Src/main.c:1017:6:AccelerationApprox	4	static
../Core/Src/main.c:1025:6:Routine	8	static
../Core/Src/main.c:1034:7:PIDcal	4	static
../Core/Src/main.c:1059:6:JoystickPinUpdate	8	static
../Core/Src/main.c:1117:6:JoystickControl	8	static
../Core/Src/main.c:1211:6:JoystickLocationState	8	static
../Core/Src/main.c:1405:6:TrajectoryGenerator	24	static
../Core/Src/main.c:1505:6:Error_Handler	4	static,ignoring_inline_asm
