../Core/Src/main.c:242:5:main	56	static
../Core/Src/main.c:609:6:SystemClock_Config	88	static
../Core/Src/main.c:656:13:MX_ADC1_Init	24	static
../Core/Src/main.c:717:13:MX_I2C1_Init	8	static
../Core/Src/main.c:751:13:MX_TIM1_Init	80	static
../Core/Src/main.c:820:13:MX_TIM3_Init	56	static
../Core/Src/main.c:869:13:MX_TIM9_Init	24	static
../Core/Src/main.c:907:13:MX_TIM11_Init	40	static
../Core/Src/main.c:956:13:MX_USART1_UART_Init	8	static
../Core/Src/main.c:989:13:MX_USART2_UART_Init	8	static
../Core/Src/main.c:1020:13:MX_DMA_Init	16	static
../Core/Src/main.c:1042:13:MX_GPIO_Init	48	static
../Core/Src/main.c:1102:6:HAL_GPIO_EXTI_Callback	16	static
../Core/Src/main.c:1116:6:Homing	8	static
../Core/Src/main.c:1150:6:EndEffectorWrite	16	static
../Core/Src/main.c:1266:6:VelocityApprox	8	static
../Core/Src/main.c:1274:6:AccelerationApprox	8	static
../Core/Src/main.c:1282:6:Routine	8	static
../Core/Src/main.c:1291:7:PIDcal	4	static
../Core/Src/main.c:1325:6:JoystickPinUpdate	8	static
../Core/Src/main.c:1421:6:JoystickControl	8	static
../Core/Src/main.c:1515:6:JoystickLocationState	16	static
../Core/Src/main.c:1741:6:HAL_TIM_PeriodElapsedCallback	16	static
../Core/Src/main.c:1760:6:TrajectoryGenerator	24	static
../Core/Src/main.c:1871:6:Error_Handler	4	static,ignoring_inline_asm
