../Core/Src/main.c:217:5:main	8	static
../Core/Src/main.c:406:6:SystemClock_Config	88	static
../Core/Src/main.c:453:13:MX_ADC1_Init	24	static
../Core/Src/main.c:514:13:MX_I2C1_Init	8	static
../Core/Src/main.c:548:13:MX_TIM1_Init	80	static
../Core/Src/main.c:617:13:MX_TIM3_Init	56	static
../Core/Src/main.c:666:13:MX_TIM11_Init	40	static
../Core/Src/main.c:715:13:MX_USART1_UART_Init	8	static
../Core/Src/main.c:748:13:MX_USART2_UART_Init	8	static
../Core/Src/main.c:779:13:MX_DMA_Init	16	static
../Core/Src/main.c:801:13:MX_GPIO_Init	48	static
../Core/Src/main.c:855:6:HAL_GPIO_EXTI_Callback	16	static
../Core/Src/main.c:869:6:Homing	8	static
../Core/Src/main.c:894:6:EndEffectorWrite	16	static
../Core/Src/main.c:1000:6:VelocityApprox	8	static
../Core/Src/main.c:1007:6:AccelerationApprox	4	static
../Core/Src/main.c:1014:7:PIDcal	4	static
../Core/Src/main.c:1039:6:JoystickPinUpdate	8	static
../Core/Src/main.c:1097:6:JoystickControl	8	static
../Core/Src/main.c:1191:6:JoystickLocationState	8	static
../Core/Src/main.c:1378:6:TrajectoryGenerator	24	static
../Core/Src/main.c:1478:6:Error_Handler	4	static,ignoring_inline_asm
