../Core/Src/main.c:218:5:main	8	static
../Core/Src/main.c:413:6:SystemClock_Config	88	static
../Core/Src/main.c:460:13:MX_ADC1_Init	24	static
../Core/Src/main.c:521:13:MX_I2C1_Init	8	static
../Core/Src/main.c:555:13:MX_TIM1_Init	80	static
../Core/Src/main.c:624:13:MX_TIM3_Init	56	static
../Core/Src/main.c:673:13:MX_TIM11_Init	40	static
../Core/Src/main.c:722:13:MX_USART1_UART_Init	8	static
../Core/Src/main.c:755:13:MX_USART2_UART_Init	8	static
../Core/Src/main.c:786:13:MX_DMA_Init	16	static
../Core/Src/main.c:808:13:MX_GPIO_Init	48	static
../Core/Src/main.c:862:6:HAL_GPIO_EXTI_Callback	16	static
../Core/Src/main.c:876:6:Homing	8	static
../Core/Src/main.c:901:6:EndEffectorWrite	16	static
../Core/Src/main.c:1007:6:VelocityApprox	8	static
../Core/Src/main.c:1014:6:AccelerationApprox	4	static
../Core/Src/main.c:1022:6:Routine	8	static
../Core/Src/main.c:1030:7:PIDcal	4	static
../Core/Src/main.c:1055:6:JoystickPinUpdate	8	static
../Core/Src/main.c:1113:6:JoystickControl	8	static
../Core/Src/main.c:1207:6:JoystickLocationState	8	static
../Core/Src/main.c:1401:6:TrajectoryGenerator	24	static
../Core/Src/main.c:1501:6:Error_Handler	4	static,ignoring_inline_asm
