../Core/Src/main.c:219:5:main	8	static
../Core/Src/main.c:423:6:SystemClock_Config	88	static
../Core/Src/main.c:470:13:MX_ADC1_Init	24	static
../Core/Src/main.c:531:13:MX_I2C1_Init	8	static
../Core/Src/main.c:565:13:MX_TIM1_Init	80	static
../Core/Src/main.c:634:13:MX_TIM3_Init	56	static
../Core/Src/main.c:683:13:MX_TIM11_Init	40	static
../Core/Src/main.c:732:13:MX_USART1_UART_Init	8	static
../Core/Src/main.c:765:13:MX_USART2_UART_Init	8	static
../Core/Src/main.c:796:13:MX_DMA_Init	16	static
../Core/Src/main.c:818:13:MX_GPIO_Init	48	static
../Core/Src/main.c:853:6:HAL_GPIO_EXTI_Callback	16	static
../Core/Src/main.c:867:6:Homing	8	static
../Core/Src/main.c:892:6:EndEffectorWrite	16	static
../Core/Src/main.c:998:6:VelocityApprox	8	static
../Core/Src/main.c:1005:6:AccelerationApprox	4	static
../Core/Src/main.c:1013:6:Routine	8	static
../Core/Src/main.c:1022:7:PIDcal	4	static
../Core/Src/main.c:1047:6:JoystickPinUpdate	8	static
../Core/Src/main.c:1105:6:JoystickControl	8	static
../Core/Src/main.c:1199:6:JoystickLocationState	8	static
../Core/Src/main.c:1393:6:TrajectoryGenerator	24	static
../Core/Src/main.c:1493:6:Error_Handler	4	static,ignoring_inline_asm
