../Core/Src/main.c:232:5:main	40	static
../Core/Src/main.c:467:6:SystemClock_Config	88	static
../Core/Src/main.c:514:13:MX_ADC1_Init	24	static
../Core/Src/main.c:575:13:MX_I2C1_Init	8	static
../Core/Src/main.c:609:13:MX_TIM1_Init	80	static
../Core/Src/main.c:678:13:MX_TIM3_Init	56	static
../Core/Src/main.c:727:13:MX_TIM4_Init	32	static
../Core/Src/main.c:772:13:MX_TIM9_Init	24	static
../Core/Src/main.c:810:13:MX_TIM11_Init	40	static
../Core/Src/main.c:859:13:MX_USART1_UART_Init	8	static
../Core/Src/main.c:892:13:MX_USART2_UART_Init	8	static
../Core/Src/main.c:923:13:MX_DMA_Init	16	static
../Core/Src/main.c:945:13:MX_GPIO_Init	48	static
../Core/Src/main.c:999:6:HAL_GPIO_EXTI_Callback	16	static
../Core/Src/main.c:1013:6:Homing	8	static
../Core/Src/main.c:1038:6:EndEffectorWrite	16	static
../Core/Src/main.c:1158:6:VelocityApprox	8	static
../Core/Src/main.c:1165:6:AccelerationApprox	4	static
../Core/Src/main.c:1173:6:Routine	8	static
../Core/Src/main.c:1182:7:PIDcal	4	static
../Core/Src/main.c:1216:6:JoystickPinUpdate	8	static
../Core/Src/main.c:1274:6:JoystickControl	8	static
../Core/Src/main.c:1368:6:JoystickLocationState	8	static
../Core/Src/main.c:1566:6:HAL_TIM_PeriodElapsedCallback	24	static
../Core/Src/main.c:1583:6:TrajectoryGenerator	24	static
../Core/Src/main.c:1686:6:Error_Handler	4	static,ignoring_inline_asm
