../Core/Src/main.c:220:5:main	8	static
../Core/Src/main.c:395:6:SystemClock_Config	88	static
../Core/Src/main.c:442:13:MX_ADC1_Init	24	static
../Core/Src/main.c:503:13:MX_I2C1_Init	8	static
../Core/Src/main.c:537:13:MX_TIM1_Init	80	static
../Core/Src/main.c:606:13:MX_TIM3_Init	56	static
../Core/Src/main.c:655:13:MX_TIM5_Init	32	static
../Core/Src/main.c:700:13:MX_USART1_UART_Init	8	static
../Core/Src/main.c:733:13:MX_USART2_UART_Init	8	static
../Core/Src/main.c:764:13:MX_DMA_Init	16	static
../Core/Src/main.c:782:13:MX_GPIO_Init	48	static
../Core/Src/main.c:836:6:HAL_GPIO_EXTI_Callback	16	static
../Core/Src/main.c:850:6:Homing	8	static
../Core/Src/main.c:878:6:EndEffectorWrite	16	static
../Core/Src/main.c:953:6:VelocityApprox	8	static
../Core/Src/main.c:960:7:PIDcal	4	static
../Core/Src/main.c:985:6:JoystickPinUpdate	8	static
../Core/Src/main.c:1032:6:JoystickControl	4	static
../Core/Src/main.c:1089:6:JoystickLocationState	16	static
../Core/Src/main.c:1222:6:TrajectoryGenerator	24	static
../Core/Src/main.c:1329:6:Error_Handler	4	static,ignoring_inline_asm
