../Core/Src/main.c:191:5:main	24	static
../Core/Src/main.c:309:6:SystemClock_Config	88	static
../Core/Src/main.c:356:13:MX_ADC1_Init	24	static
../Core/Src/main.c:417:13:MX_TIM1_Init	80	static
../Core/Src/main.c:486:13:MX_TIM3_Init	56	static
../Core/Src/main.c:535:13:MX_TIM5_Init	32	static
../Core/Src/main.c:580:13:MX_USART2_UART_Init	8	static
../Core/Src/main.c:611:13:MX_DMA_Init	16	static
../Core/Src/main.c:629:13:MX_GPIO_Init	48	static
../Core/Src/main.c:670:6:HAL_TIM_PeroidElapsedCallback	24	static
../Core/Src/main.c:679:10:micros	12	static
../Core/Src/main.c:685:6:QEIEncoderPositionVelocity_Update	32	static
../Core/Src/main.c:705:7:PIDcal	4	static
../Core/Src/main.c:729:6:JoystickPinUpdate	8	static
../Core/Src/main.c:776:6:JoystickControl	4	static
../Core/Src/main.c:833:6:JoystickLocationState	16	static
../Core/Src/main.c:958:6:TrajectoryGenerator	24	static
../Core/Src/main.c:1066:6:Error_Handler	4	static,ignoring_inline_asm
