../Core/Src/main.c:104:5:main	48	static
../Core/Src/main.c:199:6:SystemClock_Config	88	static
../Core/Src/main.c:246:13:MX_TIM1_Init	80	static
../Core/Src/main.c:315:13:MX_TIM3_Init	56	static
../Core/Src/main.c:364:13:MX_TIM5_Init	32	static
../Core/Src/main.c:409:13:MX_USART2_UART_Init	8	static
../Core/Src/main.c:442:13:MX_GPIO_Init	48	static
../Core/Src/main.c:481:6:HAL_TIM_PeroidElapsedCallback	24	static
../Core/Src/main.c:489:10:micros	12	static
../Core/Src/main.c:494:6:QEIEncoderPositionVelocity_Update	32	static
../Core/Src/main.c:519:6:Error_Handler	4	static,ignoring_inline_asm
