../Core/Src/main.c:196:5:main	24	static
../Core/Src/main.c:330:6:SystemClock_Config	88	static
../Core/Src/main.c:377:13:MX_ADC1_Init	24	static
../Core/Src/main.c:438:13:MX_TIM1_Init	80	static
../Core/Src/main.c:507:13:MX_TIM3_Init	56	static
../Core/Src/main.c:556:13:MX_TIM5_Init	32	static
../Core/Src/main.c:601:13:MX_USART1_UART_Init	8	static
../Core/Src/main.c:634:13:MX_USART2_UART_Init	8	static
../Core/Src/main.c:665:13:MX_DMA_Init	16	static
../Core/Src/main.c:683:13:MX_GPIO_Init	48	static
../Core/Src/main.c:734:6:HAL_GPIO_EXTI_Callback	16	static
../Core/Src/main.c:742:6:Homing	4	static
../Core/Src/main.c:755:6:HAL_TIM_PeroidElapsedCallback	24	static
../Core/Src/main.c:764:10:micros	12	static
../Core/Src/main.c:770:6:QEIEncoderPositionVelocity_Update	32	static
../Core/Src/main.c:790:6:VelocityApprox	8	static
../Core/Src/main.c:797:7:PIDcal	4	static
../Core/Src/main.c:821:6:JoystickPinUpdate	8	static
../Core/Src/main.c:868:6:JoystickControl	4	static
../Core/Src/main.c:925:6:JoystickLocationState	16	static
../Core/Src/main.c:1050:6:TrajectoryGenerator	24	static
../Core/Src/main.c:1158:6:Error_Handler	4	static,ignoring_inline_asm
