../Core/Src/main.c:230:5:main	40	static
../Core/Src/main.c:467:6:SystemClock_Config	88	static
../Core/Src/main.c:514:13:MX_ADC1_Init	24	static
../Core/Src/main.c:575:13:MX_I2C1_Init	8	static
../Core/Src/main.c:609:13:MX_TIM1_Init	80	static
../Core/Src/main.c:678:13:MX_TIM3_Init	56	static
../Core/Src/main.c:727:13:MX_TIM9_Init	24	static
../Core/Src/main.c:765:13:MX_TIM11_Init	40	static
../Core/Src/main.c:814:13:MX_USART1_UART_Init	8	static
../Core/Src/main.c:847:13:MX_USART2_UART_Init	8	static
../Core/Src/main.c:878:13:MX_DMA_Init	16	static
../Core/Src/main.c:900:13:MX_GPIO_Init	48	static
../Core/Src/main.c:954:6:HAL_GPIO_EXTI_Callback	16	static
../Core/Src/main.c:968:6:Homing	8	static
../Core/Src/main.c:993:6:EndEffectorWrite	16	static
../Core/Src/main.c:1105:6:VelocityApprox	8	static
../Core/Src/main.c:1112:6:AccelerationApprox	4	static
../Core/Src/main.c:1120:6:Routine	8	static
../Core/Src/main.c:1129:7:PIDcal	4	static
../Core/Src/main.c:1163:6:JoystickPinUpdate	8	static
../Core/Src/main.c:1221:6:JoystickControl	8	static
../Core/Src/main.c:1315:6:JoystickLocationState	16	static
../Core/Src/main.c:1543:6:HAL_TIM_PeriodElapsedCallback	16	static
../Core/Src/main.c:1562:6:TrajectoryGenerator	24	static
../Core/Src/main.c:1665:6:Error_Handler	4	static,ignoring_inline_asm
