../Core/Src/main.c:143:5:main	32	static
../Core/Src/main.c:238:6:SystemClock_Config	88	static
../Core/Src/main.c:285:13:MX_ADC1_Init	24	static
../Core/Src/main.c:346:13:MX_TIM1_Init	80	static
../Core/Src/main.c:415:13:MX_TIM3_Init	56	static
../Core/Src/main.c:464:13:MX_TIM5_Init	32	static
../Core/Src/main.c:509:13:MX_USART2_UART_Init	8	static
../Core/Src/main.c:540:13:MX_DMA_Init	16	static
../Core/Src/main.c:558:13:MX_GPIO_Init	48	static
../Core/Src/main.c:599:6:HAL_TIM_PeroidElapsedCallback	24	static
../Core/Src/main.c:608:10:micros	12	static
../Core/Src/main.c:614:6:QEIEncoderPositionVelocity_Update	32	static
../Core/Src/main.c:634:7:PIDcal	16	static
../Core/Src/main.c:647:6:JoystickPinUpdate	8	static
../Core/Src/main.c:694:6:JoystickControl	16	static
../Core/Src/main.c:738:6:JoystickLocationState	4	static
../Core/Src/main.c:837:6:Error_Handler	4	static,ignoring_inline_asm
