../Core/Src/main.c:179:5:main	24	static
../Core/Src/main.c:286:6:SystemClock_Config	88	static
../Core/Src/main.c:333:13:MX_ADC1_Init	24	static
../Core/Src/main.c:394:13:MX_TIM1_Init	80	static
../Core/Src/main.c:463:13:MX_TIM3_Init	56	static
../Core/Src/main.c:512:13:MX_TIM5_Init	32	static
../Core/Src/main.c:557:13:MX_USART2_UART_Init	8	static
../Core/Src/main.c:588:13:MX_DMA_Init	16	static
../Core/Src/main.c:606:13:MX_GPIO_Init	48	static
../Core/Src/main.c:647:6:HAL_TIM_PeroidElapsedCallback	24	static
../Core/Src/main.c:656:10:micros	12	static
../Core/Src/main.c:662:6:QEIEncoderPositionVelocity_Update	32	static
../Core/Src/main.c:682:7:PIDcal	16	static
../Core/Src/main.c:706:6:JoystickPinUpdate	8	static
../Core/Src/main.c:753:6:JoystickControl	4	static
../Core/Src/main.c:810:6:JoystickLocationState	16	static
../Core/Src/main.c:935:6:TrajectoryGenerator	72	static
../Core/Src/main.c:1042:6:Error_Handler	4	static,ignoring_inline_asm
