../Core/Src/stm32f4xx_it.c:77:6:NMI_Handler	4	static
../Core/Src/stm32f4xx_it.c:92:6:HardFault_Handler	4	static
../Core/Src/stm32f4xx_it.c:107:6:MemManage_Handler	4	static
../Core/Src/stm32f4xx_it.c:122:6:BusFault_Handler	4	static
../Core/Src/stm32f4xx_it.c:137:6:UsageFault_Handler	4	static
../Core/Src/stm32f4xx_it.c:152:6:SVC_Handler	4	static
../Core/Src/stm32f4xx_it.c:165:6:DebugMon_Handler	4	static
../Core/Src/stm32f4xx_it.c:178:6:PendSV_Handler	4	static
../Core/Src/stm32f4xx_it.c:191:6:SysTick_Handler	8	static
../Core/Src/stm32f4xx_it.c:212:6:EXTI2_IRQHandler	8	static
../Core/Src/stm32f4xx_it.c:226:6:EXTI3_IRQHandler	8	static
../Core/Src/stm32f4xx_it.c:240:6:DMA1_Stream6_IRQHandler	8	static
../Core/Src/stm32f4xx_it.c:254:6:TIM1_BRK_TIM9_IRQHandler	8	static
../Core/Src/stm32f4xx_it.c:269:6:TIM1_TRG_COM_TIM11_IRQHandler	8	static
../Core/Src/stm32f4xx_it.c:284:6:TIM4_IRQHandler	8	static
../Core/Src/stm32f4xx_it.c:298:6:I2C1_EV_IRQHandler	8	static
../Core/Src/stm32f4xx_it.c:312:6:I2C1_ER_IRQHandler	8	static
../Core/Src/stm32f4xx_it.c:326:6:USART1_IRQHandler	8	static
../Core/Src/stm32f4xx_it.c:340:6:USART2_IRQHandler	8	static
../Core/Src/stm32f4xx_it.c:354:6:DMA2_Stream0_IRQHandler	8	static
